<html>
<body>
<pre>
<h1>µVision Build Log</h1>
<h2>Project:</h2>
D:\FreeRTOSv202212.00\FreeRTOS\Demo\ARM7_LPC2129_Keil_RVDS\RTOSDemo.uvproj
Project File Date:  09/06/2025

<h2>Output:</h2>
Build target 'RTOSDemo_THUMB'
linking...
Program Size: Code=8788 RO-data=32 RW-data=96 ZI-data=15160  
FromELF: creating hex file...
".\bin\RTOSDemo.axf" - 0 Errors, 0 Warning(s).
Build target 'RTOSDemo_THUMB'
compiling led.c...
linking...
Program Size: Code=8788 RO-data=32 RW-data=96 ZI-data=15160  
FromELF: creating hex file...
".\bin\RTOSDemo.axf" - 0 Errors, 0 Warning(s).
Build target 'RTOSDemo_THUMB'
compiling main.c...
linking...
Program Size: Code=8784 RO-data=32 RW-data=96 ZI-data=15160  
FromELF: creating hex file...
".\bin\RTOSDemo.axf" - 0 Errors, 0 Warning(s).
Build target 'RTOSDemo_THUMB'
linking...
Program Size: Code=8784 RO-data=32 RW-data=96 ZI-data=15160  
FromELF: creating hex file...
".\bin\RTOSDemo.axf" - 0 Errors, 0 Warning(s).
Build target 'RTOSDemo_THUMB'
compiling main.c...
linking...
Program Size: Code=8824 RO-data=32 RW-data=96 ZI-data=15160  
FromELF: creating hex file...
".\bin\RTOSDemo.axf" - 0 Errors, 0 Warning(s).
Build target 'RTOSDemo_THUMB'
compiling main.c...
linking...
Program Size: Code=8800 RO-data=32 RW-data=96 ZI-data=15160  
FromELF: creating hex file...
".\bin\RTOSDemo.axf" - 0 Errors, 0 Warning(s).
Build target 'RTOSDemo_THUMB'
linking...
Program Size: Code=8800 RO-data=32 RW-data=96 ZI-data=15160  
FromELF: creating hex file...
".\bin\RTOSDemo.axf" - 0 Errors, 0 Warning(s).
Build target 'RTOSDemo_THUMB'
compiling main.c...
linking...
Program Size: Code=8836 RO-data=32 RW-data=96 ZI-data=15160  
FromELF: creating hex file...
".\bin\RTOSDemo.axf" - 0 Errors, 0 Warning(s).
Build target 'RTOSDemo_THUMB'
compiling main.c...
compiling tasks.c...
compiling list.c...
compiling queue.c...
compiling port.c...
compiling heap_2.c...
linking...
Program Size: Code=8836 RO-data=32 RW-data=96 ZI-data=7992  
FromELF: creating hex file...
".\bin\RTOSDemo.axf" - 0 Errors, 0 Warning(s).
Build target 'RTOSDemo_THUMB'
compiling main.c...
linking...
Program Size: Code=8836 RO-data=32 RW-data=96 ZI-data=7992  
FromELF: creating hex file...
".\bin\RTOSDemo.axf" - 0 Errors, 0 Warning(s).
Build target 'RTOSDemo_THUMB'
compiling main.c...
linking...
Program Size: Code=8824 RO-data=32 RW-data=96 ZI-data=7992  
FromELF: creating hex file...
".\bin\RTOSDemo.axf" - 0 Errors, 0 Warning(s).
Build target 'RTOSDemo_THUMB'
compiling main.c...
linking...
Program Size: Code=8808 RO-data=32 RW-data=96 ZI-data=7992  
FromELF: creating hex file...
".\bin\RTOSDemo.axf" - 0 Errors, 0 Warning(s).
Build target 'RTOSDemo_THUMB'
linking...
Program Size: Code=8808 RO-data=32 RW-data=96 ZI-data=7992  
FromELF: creating hex file...
".\bin\RTOSDemo.axf" - 0 Errors, 0 Warning(s).
Build target 'RTOSDemo_THUMB'
linking...
Program Size: Code=8808 RO-data=32 RW-data=96 ZI-data=7992  
FromELF: creating hex file...
".\bin\RTOSDemo.axf" - 0 Errors, 0 Warning(s).
Build target 'RTOSDemo_THUMB'
compiling main.c...
linking...
Program Size: Code=8808 RO-data=32 RW-data=96 ZI-data=7992  
FromELF: creating hex file...
".\bin\RTOSDemo.axf" - 0 Errors, 0 Warning(s).
Build target 'RTOSDemo_THUMB'
compiling main.c...
linking...
Program Size: Code=8808 RO-data=32 RW-data=96 ZI-data=7992  
FromELF: creating hex file...
".\bin\RTOSDemo.axf" - 0 Errors, 0 Warning(s).
Build target 'RTOSDemo_THUMB'
compiling main.c...
linking...
Program Size: Code=9632 RO-data=32 RW-data=100 ZI-data=7988  
FromELF: creating hex file...
".\bin\RTOSDemo.axf" - 0 Errors, 0 Warning(s).
